// Jest Snapshot v1, https://goo.gl/fbAQLP

exports[`renders without crashing 1`] = `
<div
  className="App"
>
  <div
    className="WeekTable"
  >
    <div
      className="column column-monday"
    >
      monday
      <style
        jsx={true}
      >
        
                .column {
                    text-transform: lowercase;
                    font-variant: small-caps;
                    font-weight: 500;
                    font-size: 0.85rem;
                    border-bottom: 1px solid #f7f7f7;
                    margin-bottom: 1rem;
                }

                .column-monday {
                    grid-column: 1;
                }
            
      </style>
    </div>
    <div
      className="column column-tuesday"
    >
      tuesday
      <style
        jsx={true}
      >
        
                .column {
                    text-transform: lowercase;
                    font-variant: small-caps;
                    font-weight: 500;
                    font-size: 0.85rem;
                    border-bottom: 1px solid #f7f7f7;
                    margin-bottom: 1rem;
                }

                .column-tuesday {
                    grid-column: 2;
                }
            
      </style>
    </div>
    <div
      className="column column-wednesday"
    >
      wednesday
      <style
        jsx={true}
      >
        
                .column {
                    text-transform: lowercase;
                    font-variant: small-caps;
                    font-weight: 500;
                    font-size: 0.85rem;
                    border-bottom: 1px solid #f7f7f7;
                    margin-bottom: 1rem;
                }

                .column-wednesday {
                    grid-column: 3;
                }
            
      </style>
    </div>
    <div
      className="column column-thursday"
    >
      thursday
      <style
        jsx={true}
      >
        
                .column {
                    text-transform: lowercase;
                    font-variant: small-caps;
                    font-weight: 500;
                    font-size: 0.85rem;
                    border-bottom: 1px solid #f7f7f7;
                    margin-bottom: 1rem;
                }

                .column-thursday {
                    grid-column: 4;
                }
            
      </style>
    </div>
    <div
      className="column column-friday"
    >
      friday
      <style
        jsx={true}
      >
        
                .column {
                    text-transform: lowercase;
                    font-variant: small-caps;
                    font-weight: 500;
                    font-size: 0.85rem;
                    border-bottom: 1px solid #f7f7f7;
                    margin-bottom: 1rem;
                }

                .column-friday {
                    grid-column: 5;
                }
            
      </style>
    </div>
    <div
      className="column column-saturday"
    >
      saturday
      <style
        jsx={true}
      >
        
                .column {
                    text-transform: lowercase;
                    font-variant: small-caps;
                    font-weight: 500;
                    font-size: 0.85rem;
                    border-bottom: 1px solid #f7f7f7;
                    margin-bottom: 1rem;
                }

                .column-saturday {
                    grid-column: 6;
                }
            
      </style>
    </div>
    <div
      className="column column-sunday"
    >
      sunday
      <style
        jsx={true}
      >
        
                .column {
                    text-transform: lowercase;
                    font-variant: small-caps;
                    font-weight: 500;
                    font-size: 0.85rem;
                    border-bottom: 1px solid #f7f7f7;
                    margin-bottom: 1rem;
                }

                .column-sunday {
                    grid-column: 7;
                }
            
      </style>
    </div>
    <style
      jsx={true}
    >
      
                    .WeekTable {
                        display: grid;
                        grid-auto-flow: column;
                        grid-template-columns: repeat(7, 1fr);
                    }

                    .WeekTable &gt; div {
                        padding: 0.5rem;
                    }

                    .WeekTable &gt; .odd {
                        background-color: #f7f7f7;
                    }
                
    </style>
  </div>
  <style
    global={true}
    jsx={true}
  >
    
            body {
                margin: 0;
                font-family: -apple-system, BlinkMacSystemFont, "Segoe UI", "Roboto", "Oxygen",
                "Ubuntu", "Cantarell", "Fira Sans", "Droid Sans", "Helvetica Neue",
                sans-serif;
                -webkit-font-smoothing: antialiased;
                -moz-osx-font-smoothing: grayscale;
            }

            .App {
                margin: 2rem;
            }
        
  </style>
</div>
`;
